I'm sorry, but errors were detected in your script. Please correct the
errors listed below, and try again.


File "game/customscreens.rpy", line 15: Line is indented, but the preceding zorder statement does not expect a block. Please check this line's indentation. You may have forgotten a colon (:).
    grid 2 2:
    ^

Ren'Py Version: Ren'Py 8.2.3.24061702
Sat Jul 20 17:41:43 2024
